---
info:
---
----- stdout -----

----- stderr -----
[1;31merror:[0m required argument `[33mpath[0m` is missing

[0;4;1mUsage:[0m fla[EXE] <PATH> [INPUT]

For more information, try '[0;1m--help[0m'.


