---
input_file: tests/fixtures/cli/assets/anbn.pda
info:
  input: aaabb
  args: [-c, -v]
---
----- stdout -----
The PDA looks good

----- stderr -----

