---
input_file: tests/fixtures/cli/assets/undeclared.pda
info:
---
----- stdout -----

----- stderr -----
syntax error

