---
input_file: tests/fixtures/cli/assets/erroneous-1.tm
info:
  args: [-v]
---
----- stdout -----

----- stderr -----
[1;31merror:[0m failed to parse model: illegal syntax on line 1: `#`

