---
input_file: tests/fixtures/cli/assets/missing-final.tm
info:
---
----- stdout -----

----- stderr -----
syntax error

