---
input_file: tests/fixtures/cli/assets/missing-final.tm
info:
  args: [-c, -v]
---
----- stdout -----

----- stderr -----
[1;31merror:[0m the TM is erroneous
error: no final state is provided

