---
input_file: tests/fixtures/cli/assets/palindrome.tm
info:
  input: 1001001
  args: [-v, -r]
---
----- stdout -----
Input: 1001001
==================== RUN ====================
[38;5;45mStep   : 0[0m
[38;5;219mState  : 0[0m
[38;5;28mIndex0 : [0m[1;4;38;5;34m0[0m [38;5;36m1[0m [38;5;36m2[0m [38;5;36m3[0m [38;5;36m4[0m [38;5;36m5[0m [38;5;36m6[0m 
[38;5;178mTape0  : [0m[38;5;208m1[0m [38;5;220m0[0m [38;5;220m0[0m [38;5;220m1[0m [38;5;220m0[0m [38;5;220m0[0m [38;5;220m1[0m 
[38;5;28mIndex1 : [0m[1;4;38;5;34m0[0m 
[38;5;178mTape1  : [0m[38;5;208m_[0m 
[38;5;105m---------------------------------------------
[0m[38;5;45mStep   : 1[0m
[38;5;219mState  : cp[0m
[38;5;28mIndex0 : [0m[1;4;38;5;34m0[0m [38;5;36m1[0m [38;5;36m2[0m [38;5;36m3[0m [38;5;36m4[0m [38;5;36m5[0m [38;5;36m6[0m 
[38;5;178mTape0  : [0m[38;5;208m1[0m [38;5;220m0[0m [38;5;220m0[0m [38;5;220m1[0m [38;5;220m0[0m [38;5;220m0[0m [38;5;220m1[0m 
[38;5;28mIndex1 : [0m[1;4;38;5;34m0[0m 
[38;5;178mTape1  : [0m[38;5;208m_[0m 
[38;5;105m---------------------------------------------
[0m[38;5;45mStep   : 2[0m
[38;5;219mState  : cp[0m
[38;5;28mIndex0 : [0m[38;5;36m0[0m [1;4;38;5;34m1[0m [38;5;36m2[0m [38;5;36m3[0m [38;5;36m4[0m [38;5;36m5[0m [38;5;36m6[0m 
[38;5;178mTape0  : [0m[38;5;220m1[0m [38;5;208m0[0m [38;5;220m0[0m [38;5;220m1[0m [38;5;220m0[0m [38;5;220m0[0m [38;5;220m1[0m 
[38;5;28mIndex1 : [0m[38;5;36m0[0m [1;4;38;5;34m1[0m 
[38;5;178mTape1  : [0m[38;5;220m1[0m [38;5;208m_[0m 
[38;5;105m---------------------------------------------
[0m[38;5;45mStep   : 3[0m
[38;5;219mState  : cp[0m
[38;5;28mIndex0 : [0m[38;5;36m0[0m [38;5;36m1[0m [1;4;38;5;34m2[0m [38;5;36m3[0m [38;5;36m4[0m [38;5;36m5[0m [38;5;36m6[0m 
[38;5;178mTape0  : [0m[38;5;220m1[0m [38;5;220m0[0m [38;5;208m0[0m [38;5;220m1[0m [38;5;220m0[0m [38;5;220m0[0m [38;5;220m1[0m 
[38;5;28mIndex1 : [0m[38;5;36m0[0m [38;5;36m1[0m [1;4;38;5;34m2[0m 
[38;5;178mTape1  : [0m[38;5;220m1[0m [38;5;220m0[0m [38;5;208m_[0m 
[38;5;105m---------------------------------------------
[0m[38;5;45mStep   : 4[0m
[38;5;219mState  : cp[0m
[38;5;28mIndex0 : [0m[38;5;36m0[0m [38;5;36m1[0m [38;5;36m2[0m [1;4;38;5;34m3[0m [38;5;36m4[0m [38;5;36m5[0m [38;5;36m6[0m 
[38;5;178mTape0  : [0m[38;5;220m1[0m [38;5;220m0[0m [38;5;220m0[0m [38;5;208m1[0m [38;5;220m0[0m [38;5;220m0[0m [38;5;220m1[0m 
[38;5;28mIndex1 : [0m[38;5;36m0[0m [38;5;36m1[0m [38;5;36m2[0m [1;4;38;5;34m3[0m 
[38;5;178mTape1  : [0m[38;5;220m1[0m [38;5;220m0[0m [38;5;220m0[0m [38;5;208m_[0m 
[38;5;105m---------------------------------------------
[0m[38;5;45mStep   : 5[0m
[38;5;219mState  : cp[0m
[38;5;28mIndex0 : [0m[38;5;36m0[0m [38;5;36m1[0m [38;5;36m2[0m [38;5;36m3[0m [1;4;38;5;34m4[0m [38;5;36m5[0m [38;5;36m6[0m 
[38;5;178mTape0  : [0m[38;5;220m1[0m [38;5;220m0[0m [38;5;220m0[0m [38;5;220m1[0m [38;5;208m0[0m [38;5;220m0[0m [38;5;220m1[0m 
[38;5;28mIndex1 : [0m[38;5;36m0[0m [38;5;36m1[0m [38;5;36m2[0m [38;5;36m3[0m [1;4;38;5;34m4[0m 
[38;5;178mTape1  : [0m[38;5;220m1[0m [38;5;220m0[0m [38;5;220m0[0m [38;5;220m1[0m [38;5;208m_[0m 
[38;5;105m---------------------------------------------
[0m[38;5;45mStep   : 6[0m
[38;5;219mState  : cp[0m
[38;5;28mIndex0 : [0m[38;5;36m0[0m [38;5;36m1[0m [38;5;36m2[0m [38;5;36m3[0m [38;5;36m4[0m [1;4;38;5;34m5[0m [38;5;36m6[0m 
[38;5;178mTape0  : [0m[38;5;220m1[0m [38;5;220m0[0m [38;5;220m0[0m [38;5;220m1[0m [38;5;220m0[0m [38;5;208m0[0m [38;5;220m1[0m 
[38;5;28mIndex1 : [0m[38;5;36m0[0m [38;5;36m1[0m [38;5;36m2[0m [38;5;36m3[0m [38;5;36m4[0m [1;4;38;5;34m5[0m 
[38;5;178mTape1  : [0m[38;5;220m1[0m [38;5;220m0[0m [38;5;220m0[0m [38;5;220m1[0m [38;5;220m0[0m [38;5;208m_[0m 
[38;5;105m---------------------------------------------
[0m[38;5;45mStep   : 7[0m
[38;5;219mState  : cp[0m
[38;5;28mIndex0 : [0m[38;5;36m0[0m [38;5;36m1[0m [38;5;36m2[0m [38;5;36m3[0m [38;5;36m4[0m [38;5;36m5[0m [1;4;38;5;34m6[0m 
[38;5;178mTape0  : [0m[38;5;220m1[0m [38;5;220m0[0m [38;5;220m0[0m [38;5;220m1[0m [38;5;220m0[0m [38;5;220m0[0m [38;5;208m1[0m 
[38;5;28mIndex1 : [0m[38;5;36m0[0m [38;5;36m1[0m [38;5;36m2[0m [38;5;36m3[0m [38;5;36m4[0m [38;5;36m5[0m [1;4;38;5;34m6[0m 
[38;5;178mTape1  : [0m[38;5;220m1[0m [38;5;220m0[0m [38;5;220m0[0m [38;5;220m1[0m [38;5;220m0[0m [38;5;220m0[0m [38;5;208m_[0m 
[38;5;105m---------------------------------------------
[0m[38;5;45mStep   : 8[0m
[38;5;219mState  : cp[0m
[38;5;28mIndex0 : [0m[38;5;36m0[0m [38;5;36m1[0m [38;5;36m2[0m [38;5;36m3[0m [38;5;36m4[0m [38;5;36m5[0m [38;5;36m6[0m [1;4;38;5;34m7[0m 
[38;5;178mTape0  : [0m[38;5;220m1[0m [38;5;220m0[0m [38;5;220m0[0m [38;5;220m1[0m [38;5;220m0[0m [38;5;220m0[0m [38;5;220m1[0m [38;5;208m_[0m 
[38;5;28mIndex1 : [0m[38;5;36m0[0m [38;5;36m1[0m [38;5;36m2[0m [38;5;36m3[0m [38;5;36m4[0m [38;5;36m5[0m [38;5;36m6[0m [1;4;38;5;34m7[0m 
[38;5;178mTape1  : [0m[38;5;220m1[0m [38;5;220m0[0m [38;5;220m0[0m [38;5;220m1[0m [38;5;220m0[0m [38;5;220m0[0m [38;5;220m1[0m [38;5;208m_[0m 
[38;5;105m---------------------------------------------
[0m[38;5;45mStep   : 9[0m
[38;5;219mState  : mh[0m
[38;5;28mIndex0 : [0m[38;5;36m0[0m [38;5;36m1[0m [38;5;36m2[0m [38;5;36m3[0m [38;5;36m4[0m [38;5;36m5[0m [1;4;38;5;34m6[0m 
[38;5;178mTape0  : [0m[38;5;220m1[0m [38;5;220m0[0m [38;5;220m0[0m [38;5;220m1[0m [38;5;220m0[0m [38;5;220m0[0m [38;5;208m1[0m 
[38;5;28mIndex1 : [0m[38;5;36m0[0m [38;5;36m1[0m [38;5;36m2[0m [38;5;36m3[0m [38;5;36m4[0m [38;5;36m5[0m [1;4;38;5;34m6[0m 
[38;5;178mTape1  : [0m[38;5;220m1[0m [38;5;220m0[0m [38;5;220m0[0m [38;5;220m1[0m [38;5;220m0[0m [38;5;220m0[0m [38;5;208m1[0m 
[38;5;105m---------------------------------------------
[0m[38;5;45mStep   : 10[0m
[38;5;219mState  : mh[0m
[38;5;28mIndex0 : [0m[38;5;36m0[0m [38;5;36m1[0m [38;5;36m2[0m [38;5;36m3[0m [38;5;36m4[0m [1;4;38;5;34m5[0m [38;5;36m6[0m 
[38;5;178mTape0  : [0m[38;5;220m1[0m [38;5;220m0[0m [38;5;220m0[0m [38;5;220m1[0m [38;5;220m0[0m [38;5;208m0[0m [38;5;220m1[0m 
[38;5;28mIndex1 : [0m[38;5;36m0[0m [38;5;36m1[0m [38;5;36m2[0m [38;5;36m3[0m [38;5;36m4[0m [38;5;36m5[0m [1;4;38;5;34m6[0m 
[38;5;178mTape1  : [0m[38;5;220m1[0m [38;5;220m0[0m [38;5;220m0[0m [38;5;220m1[0m [38;5;220m0[0m [38;5;220m0[0m [38;5;208m1[0m 
[38;5;105m---------------------------------------------
[0m[38;5;45mStep   : 11[0m
[38;5;219mState  : mh[0m
[38;5;28mIndex0 : [0m[38;5;36m0[0m [38;5;36m1[0m [38;5;36m2[0m [38;5;36m3[0m [1;4;38;5;34m4[0m [38;5;36m5[0m [38;5;36m6[0m 
[38;5;178mTape0  : [0m[38;5;220m1[0m [38;5;220m0[0m [38;5;220m0[0m [38;5;220m1[0m [38;5;208m0[0m [38;5;220m0[0m [38;5;220m1[0m 
[38;5;28mIndex1 : [0m[38;5;36m0[0m [38;5;36m1[0m [38;5;36m2[0m [38;5;36m3[0m [38;5;36m4[0m [38;5;36m5[0m [1;4;38;5;34m6[0m 
[38;5;178mTape1  : [0m[38;5;220m1[0m [38;5;220m0[0m [38;5;220m0[0m [38;5;220m1[0m [38;5;220m0[0m [38;5;220m0[0m [38;5;208m1[0m 
[38;5;105m---------------------------------------------
[0m[38;5;45mStep   : 12[0m
[38;5;219mState  : mh[0m
[38;5;28mIndex0 : [0m[38;5;36m0[0m [38;5;36m1[0m [38;5;36m2[0m [1;4;38;5;34m3[0m [38;5;36m4[0m [38;5;36m5[0m [38;5;36m6[0m 
[38;5;178mTape0  : [0m[38;5;220m1[0m [38;5;220m0[0m [38;5;220m0[0m [38;5;208m1[0m [38;5;220m0[0m [38;5;220m0[0m [38;5;220m1[0m 
[38;5;28mIndex1 : [0m[38;5;36m0[0m [38;5;36m1[0m [38;5;36m2[0m [38;5;36m3[0m [38;5;36m4[0m [38;5;36m5[0m [1;4;38;5;34m6[0m 
[38;5;178mTape1  : [0m[38;5;220m1[0m [38;5;220m0[0m [38;5;220m0[0m [38;5;220m1[0m [38;5;220m0[0m [38;5;220m0[0m [38;5;208m1[0m 
[38;5;105m---------------------------------------------
[0m[38;5;45mStep   : 13[0m
[38;5;219mState  : mh[0m
[38;5;28mIndex0 : [0m[38;5;36m0[0m [38;5;36m1[0m [1;4;38;5;34m2[0m [38;5;36m3[0m [38;5;36m4[0m [38;5;36m5[0m [38;5;36m6[0m 
[38;5;178mTape0  : [0m[38;5;220m1[0m [38;5;220m0[0m [38;5;208m0[0m [38;5;220m1[0m [38;5;220m0[0m [38;5;220m0[0m [38;5;220m1[0m 
[38;5;28mIndex1 : [0m[38;5;36m0[0m [38;5;36m1[0m [38;5;36m2[0m [38;5;36m3[0m [38;5;36m4[0m [38;5;36m5[0m [1;4;38;5;34m6[0m 
[38;5;178mTape1  : [0m[38;5;220m1[0m [38;5;220m0[0m [38;5;220m0[0m [38;5;220m1[0m [38;5;220m0[0m [38;5;220m0[0m [38;5;208m1[0m 
[38;5;105m---------------------------------------------
[0m[38;5;45mStep   : 14[0m
[38;5;219mState  : mh[0m
[38;5;28mIndex0 : [0m[38;5;36m0[0m [1;4;38;5;34m1[0m [38;5;36m2[0m [38;5;36m3[0m [38;5;36m4[0m [38;5;36m5[0m [38;5;36m6[0m 
[38;5;178mTape0  : [0m[38;5;220m1[0m [38;5;208m0[0m [38;5;220m0[0m [38;5;220m1[0m [38;5;220m0[0m [38;5;220m0[0m [38;5;220m1[0m 
[38;5;28mIndex1 : [0m[38;5;36m0[0m [38;5;36m1[0m [38;5;36m2[0m [38;5;36m3[0m [38;5;36m4[0m [38;5;36m5[0m [1;4;38;5;34m6[0m 
[38;5;178mTape1  : [0m[38;5;220m1[0m [38;5;220m0[0m [38;5;220m0[0m [38;5;220m1[0m [38;5;220m0[0m [38;5;220m0[0m [38;5;208m1[0m 
[38;5;105m---------------------------------------------
[0m[38;5;45mStep   : 15[0m
[38;5;219mState  : mh[0m
[38;5;28mIndex0 : [0m[1;4;38;5;34m0[0m [38;5;36m1[0m [38;5;36m2[0m [38;5;36m3[0m [38;5;36m4[0m [38;5;36m5[0m [38;5;36m6[0m 
[38;5;178mTape0  : [0m[38;5;208m1[0m [38;5;220m0[0m [38;5;220m0[0m [38;5;220m1[0m [38;5;220m0[0m [38;5;220m0[0m [38;5;220m1[0m 
[38;5;28mIndex1 : [0m[38;5;36m0[0m [38;5;36m1[0m [38;5;36m2[0m [38;5;36m3[0m [38;5;36m4[0m [38;5;36m5[0m [1;4;38;5;34m6[0m 
[38;5;178mTape1  : [0m[38;5;220m1[0m [38;5;220m0[0m [38;5;220m0[0m [38;5;220m1[0m [38;5;220m0[0m [38;5;220m0[0m [38;5;208m1[0m 
[38;5;105m---------------------------------------------
[0m[38;5;45mStep   : 16[0m
[38;5;219mState  : mh[0m
[38;5;28mIndex0 : [0m[1;4;38;5;34m1[0m [38;5;36m0[0m [38;5;36m1[0m [38;5;36m2[0m [38;5;36m3[0m [38;5;36m4[0m [38;5;36m5[0m [38;5;36m6[0m 
[38;5;178mTape0  : [0m[38;5;208m_[0m [38;5;220m1[0m [38;5;220m0[0m [38;5;220m0[0m [38;5;220m1[0m [38;5;220m0[0m [38;5;220m0[0m [38;5;220m1[0m 
[38;5;28mIndex1 : [0m[38;5;36m0[0m [38;5;36m1[0m [38;5;36m2[0m [38;5;36m3[0m [38;5;36m4[0m [38;5;36m5[0m [1;4;38;5;34m6[0m 
[38;5;178mTape1  : [0m[38;5;220m1[0m [38;5;220m0[0m [38;5;220m0[0m [38;5;220m1[0m [38;5;220m0[0m [38;5;220m0[0m [38;5;208m1[0m 
[38;5;105m---------------------------------------------
[0m[38;5;45mStep   : 17[0m
[38;5;219mState  : cmp[0m
[38;5;28mIndex0 : [0m[1;4;38;5;34m0[0m [38;5;36m1[0m [38;5;36m2[0m [38;5;36m3[0m [38;5;36m4[0m [38;5;36m5[0m [38;5;36m6[0m 
[38;5;178mTape0  : [0m[38;5;208m1[0m [38;5;220m0[0m [38;5;220m0[0m [38;5;220m1[0m [38;5;220m0[0m [38;5;220m0[0m [38;5;220m1[0m 
[38;5;28mIndex1 : [0m[38;5;36m0[0m [38;5;36m1[0m [38;5;36m2[0m [38;5;36m3[0m [38;5;36m4[0m [38;5;36m5[0m [1;4;38;5;34m6[0m 
[38;5;178mTape1  : [0m[38;5;220m1[0m [38;5;220m0[0m [38;5;220m0[0m [38;5;220m1[0m [38;5;220m0[0m [38;5;220m0[0m [38;5;208m1[0m 
[38;5;105m---------------------------------------------
[0m[38;5;45mStep   : 18[0m
[38;5;219mState  : cmp[0m
[38;5;28mIndex0 : [0m[1;4;38;5;34m1[0m [38;5;36m2[0m [38;5;36m3[0m [38;5;36m4[0m [38;5;36m5[0m [38;5;36m6[0m 
[38;5;178mTape0  : [0m[38;5;208m0[0m [38;5;220m0[0m [38;5;220m1[0m [38;5;220m0[0m [38;5;220m0[0m [38;5;220m1[0m 
[38;5;28mIndex1 : [0m[38;5;36m0[0m [38;5;36m1[0m [38;5;36m2[0m [38;5;36m3[0m [38;5;36m4[0m [1;4;38;5;34m5[0m 
[38;5;178mTape1  : [0m[38;5;220m1[0m [38;5;220m0[0m [38;5;220m0[0m [38;5;220m1[0m [38;5;220m0[0m [38;5;208m0[0m 
[38;5;105m---------------------------------------------
[0m[38;5;45mStep   : 19[0m
[38;5;219mState  : cmp[0m
[38;5;28mIndex0 : [0m[1;4;38;5;34m2[0m [38;5;36m3[0m [38;5;36m4[0m [38;5;36m5[0m [38;5;36m6[0m 
[38;5;178mTape0  : [0m[38;5;208m0[0m [38;5;220m1[0m [38;5;220m0[0m [38;5;220m0[0m [38;5;220m1[0m 
[38;5;28mIndex1 : [0m[38;5;36m0[0m [38;5;36m1[0m [38;5;36m2[0m [38;5;36m3[0m [1;4;38;5;34m4[0m 
[38;5;178mTape1  : [0m[38;5;220m1[0m [38;5;220m0[0m [38;5;220m0[0m [38;5;220m1[0m [38;5;208m0[0m 
[38;5;105m---------------------------------------------
[0m[38;5;45mStep   : 20[0m
[38;5;219mState  : cmp[0m
[38;5;28mIndex0 : [0m[1;4;38;5;34m3[0m [38;5;36m4[0m [38;5;36m5[0m [38;5;36m6[0m 
[38;5;178mTape0  : [0m[38;5;208m1[0m [38;5;220m0[0m [38;5;220m0[0m [38;5;220m1[0m 
[38;5;28mIndex1 : [0m[38;5;36m0[0m [38;5;36m1[0m [38;5;36m2[0m [1;4;38;5;34m3[0m 
[38;5;178mTape1  : [0m[38;5;220m1[0m [38;5;220m0[0m [38;5;220m0[0m [38;5;208m1[0m 
[38;5;105m---------------------------------------------
[0m[38;5;45mStep   : 21[0m
[38;5;219mState  : cmp[0m
[38;5;28mIndex0 : [0m[1;4;38;5;34m4[0m [38;5;36m5[0m [38;5;36m6[0m 
[38;5;178mTape0  : [0m[38;5;208m0[0m [38;5;220m0[0m [38;5;220m1[0m 
[38;5;28mIndex1 : [0m[38;5;36m0[0m [38;5;36m1[0m [1;4;38;5;34m2[0m 
[38;5;178mTape1  : [0m[38;5;220m1[0m [38;5;220m0[0m [38;5;208m0[0m 
[38;5;105m---------------------------------------------
[0m[38;5;45mStep   : 22[0m
[38;5;219mState  : cmp[0m
[38;5;28mIndex0 : [0m[1;4;38;5;34m5[0m [38;5;36m6[0m 
[38;5;178mTape0  : [0m[38;5;208m0[0m [38;5;220m1[0m 
[38;5;28mIndex1 : [0m[38;5;36m0[0m [1;4;38;5;34m1[0m 
[38;5;178mTape1  : [0m[38;5;220m1[0m [38;5;208m0[0m 
[38;5;105m---------------------------------------------
[0m[38;5;45mStep   : 23[0m
[38;5;219mState  : cmp[0m
[38;5;28mIndex0 : [0m[1;4;38;5;34m6[0m 
[38;5;178mTape0  : [0m[38;5;208m1[0m 
[38;5;28mIndex1 : [0m[1;4;38;5;34m0[0m 
[38;5;178mTape1  : [0m[38;5;208m1[0m 
[38;5;105m---------------------------------------------
[0m[38;5;45mStep   : 24[0m
[38;5;219mState  : cmp[0m
[38;5;28mIndex0 : [0m[1;4;38;5;34m7[0m 
[38;5;178mTape0  : [0m[38;5;208m_[0m 
[38;5;28mIndex1 : [0m[1;4;38;5;34m1[0m 
[38;5;178mTape1  : [0m[38;5;208m_[0m 
[38;5;105m---------------------------------------------
[0m[38;5;45mStep   : 25[0m
[38;5;219mState  : accept[0m
[38;5;28mIndex0 : [0m[1;4;38;5;34m7[0m 
[38;5;178mTape0  : [0m[38;5;208m_[0m 
[38;5;28mIndex1 : [0m[1;4;38;5;34m1[0m 
[38;5;178mTape1  : [0m[38;5;208m_[0m 
[38;5;105m---------------------------------------------
[0m[38;5;45mStep   : 26[0m
[38;5;219mState  : accept2[0m
[38;5;28mIndex0 : [0m[38;5;36m7[0m [1;4;38;5;34m8[0m 
[38;5;178mTape0  : [0m[38;5;220mt[0m [38;5;208m_[0m 
[38;5;28mIndex1 : [0m[1;4;38;5;34m1[0m 
[38;5;178mTape1  : [0m[38;5;208m_[0m 
[38;5;105m---------------------------------------------
[0m[38;5;45mStep   : 27[0m
[38;5;219mState  : accept3[0m
[38;5;28mIndex0 : [0m[38;5;36m7[0m [38;5;36m8[0m [1;4;38;5;34m9[0m 
[38;5;178mTape0  : [0m[38;5;220mt[0m [38;5;220mr[0m [38;5;208m_[0m 
[38;5;28mIndex1 : [0m[1;4;38;5;34m1[0m 
[38;5;178mTape1  : [0m[38;5;208m_[0m 
[38;5;105m---------------------------------------------
[0m[38;5;45mStep   : 28[0m
[38;5;219mState  : accept4[0m
[38;5;28mIndex0 : [0m[38;5;36m7[0m [38;5;36m8[0m [38;5;36m9[0m [1;4;38;5;34m10[0m 
[38;5;178mTape0  : [0m[38;5;220mt[0m [38;5;220mr[0m [38;5;220mu[0m [38;5;208m_ [0m 
[38;5;28mIndex1 : [0m[1;4;38;5;34m1[0m 
[38;5;178mTape1  : [0m[38;5;208m_[0m 
[38;5;105m---------------------------------------------
[0m[38;5;45mStep   : 29[0m
[38;5;219mState  : halt_accept[0m
[38;5;28mIndex0 : [0m[38;5;36m7[0m [38;5;36m8[0m [38;5;36m9[0m [1;4;38;5;34m10[0m 
[38;5;178mTape0  : [0m[38;5;220mt[0m [38;5;220mr[0m [38;5;220mu[0m [38;5;208me [0m 
[38;5;28mIndex1 : [0m[1;4;38;5;34m1[0m 
[38;5;178mTape1  : [0m[38;5;208m_[0m 
[38;5;105m---------------------------------------------
[0mResult: true
==================== END ====================

----- stderr -----

