---
info:
  args: [-a]
---
----- stdout -----

----- stderr -----
[1;31merror:[0m unexpected argument '[33m-a[0m' found

[0;4;1mUsage:[0m fla[EXE] <PATH> [INPUT]

For more information, try '[0;1m--help[0m'.


